...                                                                      [100%]
============================== warnings summary ===============================
.venv\Lib\site-packages\fastapi\routing.py:211
.venv\Lib\site-packages\fastapi\routing.py:211
.venv\Lib\site-packages\fastapi\routing.py:211
.venv\Lib\site-packages\fastapi\routing.py:211
.venv\Lib\site-packages\fastapi\routing.py:211
  D:\Vigil\.venv\Lib\site-packages\fastapi\routing.py:211: DeprecationWarning: 'asyncio.iscoroutinefunction' is deprecated and slated for removal in Python 3.16; use inspect.iscoroutinefunction() instead
    is_coroutine = asyncio.iscoroutinefunction(dependant.call)

agentic-honeypot\src\test_client.py:13
  D:\Vigil\agentic-honeypot\src\test_client.py:13: DeprecationWarning: datetime.datetime.utcnow() is deprecated and scheduled for removal in a future version. Use timezone-aware objects to represent datetimes in UTC: datetime.datetime.now(datetime.UTC).
    "timestamp": datetime.utcnow().isoformat()

agentic-honeypot/src/tests/test_api.py::test_event_detection_and_agent
agentic-honeypot/src/tests/test_api.py::test_finalize_endpoint_calls_callback
agentic-honeypot/src/tests/test_demo_sessions.py::test_multi_turn_aggregation_and_finalize
agentic-honeypot/src/tests/test_demo_sessions.py::test_multi_turn_aggregation_and_finalize
agentic-honeypot/src/tests/test_demo_sessions.py::test_multi_turn_aggregation_and_finalize
  D:\Vigil\.venv\Lib\site-packages\starlette\_utils.py:42: DeprecationWarning: 'asyncio.iscoroutinefunction' is deprecated and slated for removal in Python 3.16; use inspect.iscoroutinefunction() instead
    return asyncio.iscoroutinefunction(obj) or (

agentic-honeypot/src/tests/test_api.py::test_event_detection_and_agent
agentic-honeypot/src/tests/test_demo_sessions.py::test_multi_turn_aggregation_and_finalize
  D:\Vigil\agentic-honeypot\src\agent.py:111: DeprecationWarning: datetime.datetime.utcnow() is deprecated and scheduled for removal in a future version. Use timezone-aware objects to represent datetimes in UTC: datetime.datetime.now(datetime.UTC).
    "timestamp": __import__("datetime").datetime.utcnow().isoformat() + "Z",

-- Docs: https://docs.pytest.org/en/stable/how-to/capture-warnings.html
=================================== PASSES ====================================
=========================== short test summary info ===========================
PASSED agentic-honeypot/src/tests/test_api.py::test_event_detection_and_agent
PASSED agentic-honeypot/src/tests/test_api.py::test_finalize_endpoint_calls_callback
PASSED agentic-honeypot/src/tests/test_demo_sessions.py::test_multi_turn_aggregation_and_finalize
3 passed, 13 warnings in 5.35s
